17
2
13
0
10
55
9
45
8
36
7
28
6
21
5
15
4
10
3
6
2
3
1
1
1
2
6
3628800
