$LEFT_QUOTE$ADD$SEPERATOR$LEFT_QUOTE$GET$SEPERATORx$RIGHT_QUOTE$SEPERATOR$LEFT_QUOTE$GET$SEPERATORy$RIGHT_QUOTE$RIGHT_QUOTE
