$LEFT_QUOTE$EVAL$SEPERATOR$LEFT_QUOTE$EVAL$SEPERATOR1$RIGHT_QUOTE$RIGHT_QUOTE