$LEFT_QUOTE1$SEPERATOR2$SEPERATOR3$SEPERATOR4$SEPERATOR5$RIGHT_QUOTE