$LEFT_QUOTE$EVAL$SEPERATOR$LEFT_QUOTE$ADD$SEPERATOR0$SEPERATOR1$RIGHT_QUOTE$RIGHT_QUOTE