$const a=365,b=2 #var c,d @procedure f(p1,p2); { 
	p1:=p1+p2 
	}; {
	$if 5>5 $then $if 2>2 $then c:=5 $fi $fi;
	$write(5)
	}.
