0 : JMP 0 8
1 : JMP 0 2
2 : INIT 0 0
3 : LOAD 0 p1
4 : LOAD 0 p2
5 : OPR 0 ADD
6 : STORE 0 p1
7 : RETURN 0 0
8 : INIT 0 4
9 : READ 0 2
10 : STORE 0 c
11 : STORE 0 d
12 : LOAD 0 a
13 : LOAD 0 b
14 : OPR 0 EQ
15 : JPC 0 23
16 : LIT 0 5
17 : LOAD 0 a
18 : OPR 0 GT
19 : JPC 0 22
20 : LIT 0 5
21 : STORE 0 c
22 : JMP 0 15
23 : LIT 0 5
24 : WRITE 0 1
25 : RETURN 0 0
